[2024-02-27 22:45:42,031 96 werkzeug - INFO - [31m[1mWARNING: This is a development server. Do not use it in a production deployment. Use a production WSGI server instead.[0m
 * Running on all addresses (0.0.0.0)
 * Running on http://127.0.0.1:8080
 * Running on http://127.0.0.1:8080]
[2024-02-27 22:45:42,032 96 werkzeug - INFO - [33mPress CTRL+C to quit[0m]
[2024-02-27 22:48:56,607 96 werkzeug - INFO - 127.0.0.1 - - [27/Feb/2024 22:48:56] "GET / HTTP/1.1" 200 -]
[2024-02-27 22:48:56,665 96 werkzeug - INFO - 127.0.0.1 - - [27/Feb/2024 22:48:56] "[32mGET /static//images/nagesh_photo.jpg HTTP/1.1[0m" 308 -]
[2024-02-27 22:48:56,674 96 werkzeug - INFO - 127.0.0.1 - - [27/Feb/2024 22:48:56] "GET /static/css/styles.css HTTP/1.1" 200 -]
[2024-02-27 22:48:57,339 96 werkzeug - INFO - 127.0.0.1 - - [27/Feb/2024 22:48:57] "GET /static/images/nagesh_photo.jpg HTTP/1.1" 200 -]
[2024-02-27 22:48:57,356 96 werkzeug - INFO - 127.0.0.1 - - [27/Feb/2024 22:48:57] "[33mGET /favicon.ico HTTP/1.1[0m" 404 -]
[2024-02-27 22:49:03,351 25 root - INFO - Data Transformation initiated]
[2024-02-27 22:49:03,575 44 root - INFO - Pickle files saved]
[2024-02-27 22:49:03,576 24 root - INFO - Starting data ingestion]
[2024-02-27 22:49:09,599 63 root - INFO - Data ingestion is completed]
[2024-02-27 22:49:09,761 54 root - INFO - Model training completed.]
[2024-02-27 22:49:09,882 96 werkzeug - INFO - 127.0.0.1 - - [27/Feb/2024 22:49:09] "POST /recommend HTTP/1.1" 200 -]
[2024-02-27 22:49:09,935 96 werkzeug - INFO - 127.0.0.1 - - [27/Feb/2024 22:49:09] "[36mGET /static/css/styles.css HTTP/1.1[0m" 304 -]
[2024-02-27 22:49:09,950 96 werkzeug - INFO - 127.0.0.1 - - [27/Feb/2024 22:49:09] "[36mGET /static/images/nagesh_photo.jpg HTTP/1.1[0m" 304 -]
[2024-02-27 22:49:12,097 96 werkzeug - INFO - 127.0.0.1 - - [27/Feb/2024 22:49:12] "GET / HTTP/1.1" 200 -]
[2024-02-27 22:49:12,295 96 werkzeug - INFO - 127.0.0.1 - - [27/Feb/2024 22:49:12] "[36mGET /static/css/styles.css HTTP/1.1[0m" 304 -]
[2024-02-27 22:49:12,350 96 werkzeug - INFO - 127.0.0.1 - - [27/Feb/2024 22:49:12] "[36mGET /static/images/nagesh_photo.jpg HTTP/1.1[0m" 304 -]
[2024-02-27 22:49:22,813 25 root - INFO - Data Transformation initiated]
[2024-02-27 22:49:22,862 44 root - INFO - Pickle files saved]
[2024-02-27 22:49:22,862 24 root - INFO - Starting data ingestion]
[2024-02-27 22:49:22,895 63 root - INFO - Data ingestion is completed]
[2024-02-27 22:49:22,931 54 root - INFO - Model training completed.]
[2024-02-27 22:49:22,937 96 werkzeug - INFO - 127.0.0.1 - - [27/Feb/2024 22:49:22] "POST /recommend HTTP/1.1" 200 -]
[2024-02-27 22:49:23,124 96 werkzeug - INFO - 127.0.0.1 - - [27/Feb/2024 22:49:23] "[36mGET /static/css/styles.css HTTP/1.1[0m" 304 -]
[2024-02-27 22:49:23,284 96 werkzeug - INFO - 127.0.0.1 - - [27/Feb/2024 22:49:23] "[36mGET /static/images/nagesh_photo.jpg HTTP/1.1[0m" 304 -]
[2024-02-27 22:49:39,310 96 werkzeug - INFO - 127.0.0.1 - - [27/Feb/2024 22:49:39] "GET / HTTP/1.1" 200 -]
[2024-02-27 22:49:39,515 96 werkzeug - INFO - 127.0.0.1 - - [27/Feb/2024 22:49:39] "[36mGET /static/css/styles.css HTTP/1.1[0m" 304 -]
[2024-02-27 22:49:39,548 96 werkzeug - INFO - 127.0.0.1 - - [27/Feb/2024 22:49:39] "[36mGET /static/images/nagesh_photo.jpg HTTP/1.1[0m" 304 -]
[2024-02-27 22:49:55,108 25 root - INFO - Data Transformation initiated]
[2024-02-27 22:49:55,157 44 root - INFO - Pickle files saved]
[2024-02-27 22:49:55,157 24 root - INFO - Starting data ingestion]
[2024-02-27 22:49:55,193 63 root - INFO - Data ingestion is completed]
[2024-02-27 22:49:55,235 54 root - INFO - Model training completed.]
[2024-02-27 22:49:55,243 96 werkzeug - INFO - 127.0.0.1 - - [27/Feb/2024 22:49:55] "POST /recommend HTTP/1.1" 200 -]
[2024-02-27 22:49:55,421 96 werkzeug - INFO - 127.0.0.1 - - [27/Feb/2024 22:49:55] "[36mGET /static/css/styles.css HTTP/1.1[0m" 304 -]
[2024-02-27 22:49:55,591 96 werkzeug - INFO - 127.0.0.1 - - [27/Feb/2024 22:49:55] "[36mGET /static/images/nagesh_photo.jpg HTTP/1.1[0m" 304 -]
[2024-02-27 22:49:59,044 96 werkzeug - INFO - 127.0.0.1 - - [27/Feb/2024 22:49:59] "GET / HTTP/1.1" 200 -]
[2024-02-27 22:49:59,235 96 werkzeug - INFO - 127.0.0.1 - - [27/Feb/2024 22:49:59] "[36mGET /static/css/styles.css HTTP/1.1[0m" 304 -]
[2024-02-27 22:49:59,296 96 werkzeug - INFO - 127.0.0.1 - - [27/Feb/2024 22:49:59] "[36mGET /static/images/nagesh_photo.jpg HTTP/1.1[0m" 304 -]
[2024-02-27 22:50:24,800 25 root - INFO - Data Transformation initiated]
[2024-02-27 22:50:24,851 44 root - INFO - Pickle files saved]
[2024-02-27 22:50:24,851 24 root - INFO - Starting data ingestion]
[2024-02-27 22:50:25,502 63 root - INFO - Data ingestion is completed]
[2024-02-27 22:50:25,556 54 root - INFO - Model training completed.]
[2024-02-27 22:50:25,565 96 werkzeug - INFO - 127.0.0.1 - - [27/Feb/2024 22:50:25] "POST /recommend HTTP/1.1" 200 -]
[2024-02-27 22:50:25,598 96 werkzeug - INFO - 127.0.0.1 - - [27/Feb/2024 22:50:25] "[36mGET /static/css/styles.css HTTP/1.1[0m" 304 -]
[2024-02-27 22:50:25,923 96 werkzeug - INFO - 127.0.0.1 - - [27/Feb/2024 22:50:25] "[36mGET /static/images/nagesh_photo.jpg HTTP/1.1[0m" 304 -]
[2024-02-27 22:50:39,537 96 werkzeug - INFO - 127.0.0.1 - - [27/Feb/2024 22:50:39] "GET / HTTP/1.1" 200 -]
[2024-02-27 22:50:39,852 96 werkzeug - INFO - 127.0.0.1 - - [27/Feb/2024 22:50:39] "[36mGET /static/css/styles.css HTTP/1.1[0m" 304 -]
[2024-02-27 22:50:39,871 96 werkzeug - INFO - 127.0.0.1 - - [27/Feb/2024 22:50:39] "[36mGET /static/images/nagesh_photo.jpg HTTP/1.1[0m" 304 -]
[2024-02-27 22:50:46,323 25 root - INFO - Data Transformation initiated]
[2024-02-27 22:50:46,436 44 root - INFO - Pickle files saved]
[2024-02-27 22:50:46,438 24 root - INFO - Starting data ingestion]
[2024-02-27 22:50:46,683 63 root - INFO - Data ingestion is completed]
[2024-02-27 22:50:46,780 54 root - INFO - Model training completed.]
[2024-02-27 22:50:46,798 96 werkzeug - INFO - 127.0.0.1 - - [27/Feb/2024 22:50:46] "POST /recommend HTTP/1.1" 200 -]
[2024-02-27 22:50:46,843 96 werkzeug - INFO - 127.0.0.1 - - [27/Feb/2024 22:50:46] "[36mGET /static/css/styles.css HTTP/1.1[0m" 304 -]
[2024-02-27 22:50:46,850 96 werkzeug - INFO - 127.0.0.1 - - [27/Feb/2024 22:50:46] "[36mGET /static/images/nagesh_photo.jpg HTTP/1.1[0m" 304 -]
[2024-02-27 22:51:10,822 96 werkzeug - INFO - 127.0.0.1 - - [27/Feb/2024 22:51:10] "GET / HTTP/1.1" 200 -]
[2024-02-27 22:51:11,018 96 werkzeug - INFO - 127.0.0.1 - - [27/Feb/2024 22:51:11] "[36mGET /static/css/styles.css HTTP/1.1[0m" 304 -]
[2024-02-27 22:51:11,063 96 werkzeug - INFO - 127.0.0.1 - - [27/Feb/2024 22:51:11] "[36mGET /static/images/nagesh_photo.jpg HTTP/1.1[0m" 304 -]
[2024-02-27 22:51:19,119 25 root - INFO - Data Transformation initiated]
[2024-02-27 22:51:19,166 44 root - INFO - Pickle files saved]
[2024-02-27 22:51:19,166 24 root - INFO - Starting data ingestion]
[2024-02-27 22:51:19,706 63 root - INFO - Data ingestion is completed]
[2024-02-27 22:51:19,741 54 root - INFO - Model training completed.]
[2024-02-27 22:51:19,748 96 werkzeug - INFO - 127.0.0.1 - - [27/Feb/2024 22:51:19] "POST /recommend HTTP/1.1" 200 -]
[2024-02-27 22:51:19,772 96 werkzeug - INFO - 127.0.0.1 - - [27/Feb/2024 22:51:19] "[36mGET /static/css/styles.css HTTP/1.1[0m" 304 -]
[2024-02-27 22:51:20,096 96 werkzeug - INFO - 127.0.0.1 - - [27/Feb/2024 22:51:20] "[36mGET /static/images/nagesh_photo.jpg HTTP/1.1[0m" 304 -]
[2024-02-27 22:52:05,810 96 werkzeug - INFO - 127.0.0.1 - - [27/Feb/2024 22:52:05] "GET / HTTP/1.1" 200 -]
[2024-02-27 22:52:06,119 96 werkzeug - INFO - 127.0.0.1 - - [27/Feb/2024 22:52:06] "[36mGET /static/css/styles.css HTTP/1.1[0m" 304 -]
[2024-02-27 22:52:06,156 96 werkzeug - INFO - 127.0.0.1 - - [27/Feb/2024 22:52:06] "[36mGET /static/images/nagesh_photo.jpg HTTP/1.1[0m" 304 -]
[2024-02-27 22:52:11,350 25 root - INFO - Data Transformation initiated]
[2024-02-27 22:52:11,470 44 root - INFO - Pickle files saved]
[2024-02-27 22:52:11,471 24 root - INFO - Starting data ingestion]
[2024-02-27 22:52:11,563 63 root - INFO - Data ingestion is completed]
[2024-02-27 22:52:11,652 54 root - INFO - Model training completed.]
[2024-02-27 22:52:11,664 96 werkzeug - INFO - 127.0.0.1 - - [27/Feb/2024 22:52:11] "POST /recommend HTTP/1.1" 200 -]
[2024-02-27 22:52:11,688 96 werkzeug - INFO - 127.0.0.1 - - [27/Feb/2024 22:52:11] "[36mGET /static/css/styles.css HTTP/1.1[0m" 304 -]
[2024-02-27 22:52:11,701 96 werkzeug - INFO - 127.0.0.1 - - [27/Feb/2024 22:52:11] "[36mGET /static/images/nagesh_photo.jpg HTTP/1.1[0m" 304 -]
[2024-02-27 22:52:38,931 96 werkzeug - INFO - 127.0.0.1 - - [27/Feb/2024 22:52:38] "GET / HTTP/1.1" 200 -]
[2024-02-27 22:52:39,122 96 werkzeug - INFO - 127.0.0.1 - - [27/Feb/2024 22:52:39] "[36mGET /static/css/styles.css HTTP/1.1[0m" 304 -]
[2024-02-27 22:52:39,167 96 werkzeug - INFO - 127.0.0.1 - - [27/Feb/2024 22:52:39] "[36mGET /static/images/nagesh_photo.jpg HTTP/1.1[0m" 304 -]
[2024-02-27 22:52:43,035 25 root - INFO - Data Transformation initiated]
[2024-02-27 22:52:43,085 44 root - INFO - Pickle files saved]
[2024-02-27 22:52:43,085 24 root - INFO - Starting data ingestion]
[2024-02-27 22:52:43,238 63 root - INFO - Data ingestion is completed]
[2024-02-27 22:52:43,273 54 root - INFO - Model training completed.]
[2024-02-27 22:52:43,279 96 werkzeug - INFO - 127.0.0.1 - - [27/Feb/2024 22:52:43] "POST /recommend HTTP/1.1" 200 -]
[2024-02-27 22:52:43,343 96 werkzeug - INFO - 127.0.0.1 - - [27/Feb/2024 22:52:43] "[36mGET /static/css/styles.css HTTP/1.1[0m" 304 -]
[2024-02-27 22:52:43,627 96 werkzeug - INFO - 127.0.0.1 - - [27/Feb/2024 22:52:43] "[36mGET /static/images/nagesh_photo.jpg HTTP/1.1[0m" 304 -]
[2024-02-27 22:53:02,303 96 werkzeug - INFO - 127.0.0.1 - - [27/Feb/2024 22:53:02] "GET / HTTP/1.1" 200 -]
[2024-02-27 22:53:02,499 96 werkzeug - INFO - 127.0.0.1 - - [27/Feb/2024 22:53:02] "[36mGET /static/css/styles.css HTTP/1.1[0m" 304 -]
[2024-02-27 22:53:02,554 96 werkzeug - INFO - 127.0.0.1 - - [27/Feb/2024 22:53:02] "[36mGET /static/images/nagesh_photo.jpg HTTP/1.1[0m" 304 -]
[2024-02-27 22:53:14,025 25 root - INFO - Data Transformation initiated]
[2024-02-27 22:53:14,071 44 root - INFO - Pickle files saved]
[2024-02-27 22:53:14,071 24 root - INFO - Starting data ingestion]
[2024-02-27 22:53:14,104 63 root - INFO - Data ingestion is completed]
[2024-02-27 22:53:14,137 54 root - INFO - Model training completed.]
[2024-02-27 22:53:14,143 96 werkzeug - INFO - 127.0.0.1 - - [27/Feb/2024 22:53:14] "POST /recommend HTTP/1.1" 200 -]
[2024-02-27 22:53:14,331 96 werkzeug - INFO - 127.0.0.1 - - [27/Feb/2024 22:53:14] "[36mGET /static/css/styles.css HTTP/1.1[0m" 304 -]
[2024-02-27 22:53:14,490 96 werkzeug - INFO - 127.0.0.1 - - [27/Feb/2024 22:53:14] "[36mGET /static/images/nagesh_photo.jpg HTTP/1.1[0m" 304 -]
[2024-02-27 22:57:05,765 96 werkzeug - INFO - 127.0.0.1 - - [27/Feb/2024 22:57:05] "GET / HTTP/1.1" 200 -]
[2024-02-27 22:57:05,976 96 werkzeug - INFO - 127.0.0.1 - - [27/Feb/2024 22:57:05] "[36mGET /static/css/styles.css HTTP/1.1[0m" 304 -]
[2024-02-27 22:57:06,007 96 werkzeug - INFO - 127.0.0.1 - - [27/Feb/2024 22:57:06] "[36mGET /static/images/nagesh_photo.jpg HTTP/1.1[0m" 304 -]
[2024-02-27 23:04:10,240 25 root - INFO - Data Transformation initiated]
[2024-02-27 23:04:10,342 44 root - INFO - Pickle files saved]
[2024-02-27 23:04:10,343 24 root - INFO - Starting data ingestion]
[2024-02-27 23:04:10,557 63 root - INFO - Data ingestion is completed]
[2024-02-27 23:04:10,589 54 root - INFO - Model training completed.]
[2024-02-27 23:04:10,597 96 werkzeug - INFO - 127.0.0.1 - - [27/Feb/2024 23:04:10] "POST /recommend HTTP/1.1" 200 -]
[2024-02-27 23:04:10,620 96 werkzeug - INFO - 127.0.0.1 - - [27/Feb/2024 23:04:10] "[36mGET /static/css/styles.css HTTP/1.1[0m" 304 -]
[2024-02-27 23:04:10,631 96 werkzeug - INFO - 127.0.0.1 - - [27/Feb/2024 23:04:10] "[36mGET /static/images/nagesh_photo.jpg HTTP/1.1[0m" 304 -]
[2024-02-27 23:04:12,088 96 werkzeug - INFO - 127.0.0.1 - - [27/Feb/2024 23:04:12] "GET / HTTP/1.1" 200 -]
[2024-02-27 23:04:12,297 96 werkzeug - INFO - 127.0.0.1 - - [27/Feb/2024 23:04:12] "[36mGET /static/css/styles.css HTTP/1.1[0m" 304 -]
[2024-02-27 23:04:12,341 96 werkzeug - INFO - 127.0.0.1 - - [27/Feb/2024 23:04:12] "[36mGET /static/images/nagesh_photo.jpg HTTP/1.1[0m" 304 -]
[2024-02-27 23:04:32,039 25 root - INFO - Data Transformation initiated]
[2024-02-27 23:04:32,086 44 root - INFO - Pickle files saved]
[2024-02-27 23:04:32,086 24 root - INFO - Starting data ingestion]
[2024-02-27 23:04:32,234 63 root - INFO - Data ingestion is completed]
[2024-02-27 23:04:32,269 54 root - INFO - Model training completed.]
[2024-02-27 23:04:32,276 96 werkzeug - INFO - 127.0.0.1 - - [27/Feb/2024 23:04:32] "POST /recommend HTTP/1.1" 200 -]
[2024-02-27 23:04:32,348 96 werkzeug - INFO - 127.0.0.1 - - [27/Feb/2024 23:04:32] "[36mGET /static/css/styles.css HTTP/1.1[0m" 304 -]
[2024-02-27 23:04:32,619 96 werkzeug - INFO - 127.0.0.1 - - [27/Feb/2024 23:04:32] "[36mGET /static/images/nagesh_photo.jpg HTTP/1.1[0m" 304 -]
[2024-02-27 23:04:33,922 96 werkzeug - INFO - 127.0.0.1 - - [27/Feb/2024 23:04:33] "GET / HTTP/1.1" 200 -]
[2024-02-27 23:04:34,107 96 werkzeug - INFO - 127.0.0.1 - - [27/Feb/2024 23:04:34] "[36mGET /static/css/styles.css HTTP/1.1[0m" 304 -]
[2024-02-27 23:04:34,170 96 werkzeug - INFO - 127.0.0.1 - - [27/Feb/2024 23:04:34] "[36mGET /static/images/nagesh_photo.jpg HTTP/1.1[0m" 304 -]
[2024-02-27 23:05:11,039 25 root - INFO - Data Transformation initiated]
[2024-02-27 23:05:11,127 44 root - INFO - Pickle files saved]
[2024-02-27 23:05:11,127 24 root - INFO - Starting data ingestion]
[2024-02-27 23:05:11,177 63 root - INFO - Data ingestion is completed]
[2024-02-27 23:05:11,213 54 root - INFO - Model training completed.]
[2024-02-27 23:05:11,221 96 werkzeug - INFO - 127.0.0.1 - - [27/Feb/2024 23:05:11] "POST /recommend HTTP/1.1" 200 -]
[2024-02-27 23:05:11,346 96 werkzeug - INFO - 127.0.0.1 - - [27/Feb/2024 23:05:11] "[36mGET /static/css/styles.css HTTP/1.1[0m" 304 -]
[2024-02-27 23:05:11,563 96 werkzeug - INFO - 127.0.0.1 - - [27/Feb/2024 23:05:11] "[36mGET /static/images/nagesh_photo.jpg HTTP/1.1[0m" 304 -]
[2024-02-27 23:05:23,837 96 werkzeug - INFO - 127.0.0.1 - - [27/Feb/2024 23:05:23] "GET / HTTP/1.1" 200 -]
[2024-02-27 23:05:24,034 96 werkzeug - INFO - 127.0.0.1 - - [27/Feb/2024 23:05:24] "[36mGET /static/css/styles.css HTTP/1.1[0m" 304 -]
[2024-02-27 23:05:24,096 96 werkzeug - INFO - 127.0.0.1 - - [27/Feb/2024 23:05:24] "[36mGET /static/images/nagesh_photo.jpg HTTP/1.1[0m" 304 -]
[2024-02-27 23:08:07,469 25 root - INFO - Data Transformation initiated]
[2024-02-27 23:08:07,546 44 root - INFO - Pickle files saved]
[2024-02-27 23:08:07,547 24 root - INFO - Starting data ingestion]
[2024-02-27 23:08:07,703 63 root - INFO - Data ingestion is completed]
[2024-02-27 23:08:07,740 54 root - INFO - Model training completed.]
[2024-02-27 23:08:07,749 96 werkzeug - INFO - 127.0.0.1 - - [27/Feb/2024 23:08:07] "POST /recommend HTTP/1.1" 200 -]
[2024-02-27 23:08:07,774 96 werkzeug - INFO - 127.0.0.1 - - [27/Feb/2024 23:08:07] "[36mGET /static/css/styles.css HTTP/1.1[0m" 304 -]
[2024-02-27 23:08:07,786 96 werkzeug - INFO - 127.0.0.1 - - [27/Feb/2024 23:08:07] "[36mGET /static/images/nagesh_photo.jpg HTTP/1.1[0m" 304 -]
[2024-02-27 23:08:21,616 96 werkzeug - INFO - 127.0.0.1 - - [27/Feb/2024 23:08:21] "GET / HTTP/1.1" 200 -]
[2024-02-27 23:08:21,826 96 werkzeug - INFO - 127.0.0.1 - - [27/Feb/2024 23:08:21] "[36mGET /static/css/styles.css HTTP/1.1[0m" 304 -]
[2024-02-27 23:08:21,876 96 werkzeug - INFO - 127.0.0.1 - - [27/Feb/2024 23:08:21] "[36mGET /static/images/nagesh_photo.jpg HTTP/1.1[0m" 304 -]
[2024-02-27 23:08:27,703 25 root - INFO - Data Transformation initiated]
[2024-02-27 23:08:27,756 44 root - INFO - Pickle files saved]
[2024-02-27 23:08:27,756 24 root - INFO - Starting data ingestion]
[2024-02-27 23:08:27,790 63 root - INFO - Data ingestion is completed]
[2024-02-27 23:08:27,829 54 root - INFO - Model training completed.]
[2024-02-27 23:08:27,837 96 werkzeug - INFO - 127.0.0.1 - - [27/Feb/2024 23:08:27] "POST /recommend HTTP/1.1" 200 -]
[2024-02-27 23:08:28,013 96 werkzeug - INFO - 127.0.0.1 - - [27/Feb/2024 23:08:28] "[36mGET /static/css/styles.css HTTP/1.1[0m" 304 -]
[2024-02-27 23:08:28,184 96 werkzeug - INFO - 127.0.0.1 - - [27/Feb/2024 23:08:28] "[36mGET /static/images/nagesh_photo.jpg HTTP/1.1[0m" 304 -]
[2024-02-27 23:09:25,811 96 werkzeug - INFO - 127.0.0.1 - - [27/Feb/2024 23:09:25] "GET / HTTP/1.1" 200 -]
[2024-02-27 23:09:26,018 96 werkzeug - INFO - 127.0.0.1 - - [27/Feb/2024 23:09:26] "[36mGET /static/css/styles.css HTTP/1.1[0m" 304 -]
[2024-02-27 23:09:26,050 96 werkzeug - INFO - 127.0.0.1 - - [27/Feb/2024 23:09:26] "[36mGET /static/images/nagesh_photo.jpg HTTP/1.1[0m" 304 -]
[2024-02-27 23:09:31,353 25 root - INFO - Data Transformation initiated]
[2024-02-27 23:09:31,406 44 root - INFO - Pickle files saved]
[2024-02-27 23:09:31,406 24 root - INFO - Starting data ingestion]
[2024-02-27 23:09:31,571 63 root - INFO - Data ingestion is completed]
[2024-02-27 23:09:31,608 54 root - INFO - Model training completed.]
[2024-02-27 23:09:31,614 96 werkzeug - INFO - 127.0.0.1 - - [27/Feb/2024 23:09:31] "POST /recommend HTTP/1.1" 200 -]
[2024-02-27 23:09:31,662 96 werkzeug - INFO - 127.0.0.1 - - [27/Feb/2024 23:09:31] "[36mGET /static/css/styles.css HTTP/1.1[0m" 304 -]
[2024-02-27 23:09:31,962 96 werkzeug - INFO - 127.0.0.1 - - [27/Feb/2024 23:09:31] "[36mGET /static/images/nagesh_photo.jpg HTTP/1.1[0m" 304 -]
[2024-02-27 23:09:37,445 96 werkzeug - INFO - 127.0.0.1 - - [27/Feb/2024 23:09:37] "GET / HTTP/1.1" 200 -]
[2024-02-27 23:09:37,651 96 werkzeug - INFO - 127.0.0.1 - - [27/Feb/2024 23:09:37] "[36mGET /static/css/styles.css HTTP/1.1[0m" 304 -]
[2024-02-27 23:09:37,689 96 werkzeug - INFO - 127.0.0.1 - - [27/Feb/2024 23:09:37] "[36mGET /static/images/nagesh_photo.jpg HTTP/1.1[0m" 304 -]
[2024-02-27 23:10:01,004 25 root - INFO - Data Transformation initiated]
[2024-02-27 23:10:01,056 44 root - INFO - Pickle files saved]
[2024-02-27 23:10:01,056 24 root - INFO - Starting data ingestion]
[2024-02-27 23:10:01,169 63 root - INFO - Data ingestion is completed]
[2024-02-27 23:10:01,202 54 root - INFO - Model training completed.]
[2024-02-27 23:10:01,208 96 werkzeug - INFO - 127.0.0.1 - - [27/Feb/2024 23:10:01] "POST /recommend HTTP/1.1" 200 -]
[2024-02-27 23:10:01,310 96 werkzeug - INFO - 127.0.0.1 - - [27/Feb/2024 23:10:01] "[36mGET /static/css/styles.css HTTP/1.1[0m" 304 -]
[2024-02-27 23:10:01,550 96 werkzeug - INFO - 127.0.0.1 - - [27/Feb/2024 23:10:01] "[36mGET /static/images/nagesh_photo.jpg HTTP/1.1[0m" 304 -]
[2024-02-27 23:10:07,239 96 werkzeug - INFO - 127.0.0.1 - - [27/Feb/2024 23:10:07] "GET / HTTP/1.1" 200 -]
[2024-02-27 23:10:07,446 96 werkzeug - INFO - 127.0.0.1 - - [27/Feb/2024 23:10:07] "[36mGET /static/css/styles.css HTTP/1.1[0m" 304 -]
[2024-02-27 23:10:07,503 96 werkzeug - INFO - 127.0.0.1 - - [27/Feb/2024 23:10:07] "[36mGET /static/images/nagesh_photo.jpg HTTP/1.1[0m" 304 -]
[2024-02-27 23:10:23,673 25 root - INFO - Data Transformation initiated]
[2024-02-27 23:10:23,733 44 root - INFO - Pickle files saved]
[2024-02-27 23:10:23,734 24 root - INFO - Starting data ingestion]
[2024-02-27 23:10:23,760 63 root - INFO - Data ingestion is completed]
[2024-02-27 23:10:23,795 54 root - INFO - Model training completed.]
[2024-02-27 23:10:23,802 96 werkzeug - INFO - 127.0.0.1 - - [27/Feb/2024 23:10:23] "POST /recommend HTTP/1.1" 200 -]
[2024-02-27 23:10:23,986 96 werkzeug - INFO - 127.0.0.1 - - [27/Feb/2024 23:10:23] "[36mGET /static/css/styles.css HTTP/1.1[0m" 304 -]
[2024-02-27 23:10:24,153 96 werkzeug - INFO - 127.0.0.1 - - [27/Feb/2024 23:10:24] "[36mGET /static/images/nagesh_photo.jpg HTTP/1.1[0m" 304 -]
[2024-02-27 23:10:42,398 96 werkzeug - INFO - 127.0.0.1 - - [27/Feb/2024 23:10:42] "GET / HTTP/1.1" 200 -]
[2024-02-27 23:10:42,590 96 werkzeug - INFO - 127.0.0.1 - - [27/Feb/2024 23:10:42] "[36mGET /static/css/styles.css HTTP/1.1[0m" 304 -]
[2024-02-27 23:10:42,656 96 werkzeug - INFO - 127.0.0.1 - - [27/Feb/2024 23:10:42] "[36mGET /static/images/nagesh_photo.jpg HTTP/1.1[0m" 304 -]
[2024-02-27 23:10:50,490 25 root - INFO - Data Transformation initiated]
[2024-02-27 23:10:50,532 44 root - INFO - Pickle files saved]
[2024-02-27 23:10:50,533 24 root - INFO - Starting data ingestion]
[2024-02-27 23:10:50,558 63 root - INFO - Data ingestion is completed]
[2024-02-27 23:10:50,591 54 root - INFO - Model training completed.]
[2024-02-27 23:10:50,597 96 werkzeug - INFO - 127.0.0.1 - - [27/Feb/2024 23:10:50] "POST /recommend HTTP/1.1" 200 -]
[2024-02-27 23:10:50,804 96 werkzeug - INFO - 127.0.0.1 - - [27/Feb/2024 23:10:50] "[36mGET /static/css/styles.css HTTP/1.1[0m" 304 -]
[2024-02-27 23:10:50,948 96 werkzeug - INFO - 127.0.0.1 - - [27/Feb/2024 23:10:50] "[36mGET /static/images/nagesh_photo.jpg HTTP/1.1[0m" 304 -]
[2024-02-27 23:11:01,694 96 werkzeug - INFO - 127.0.0.1 - - [27/Feb/2024 23:11:01] "GET / HTTP/1.1" 200 -]
[2024-02-27 23:11:01,889 96 werkzeug - INFO - 127.0.0.1 - - [27/Feb/2024 23:11:01] "[36mGET /static/css/styles.css HTTP/1.1[0m" 304 -]
[2024-02-27 23:11:01,945 96 werkzeug - INFO - 127.0.0.1 - - [27/Feb/2024 23:11:01] "[36mGET /static/images/nagesh_photo.jpg HTTP/1.1[0m" 304 -]
[2024-02-27 23:11:11,852 25 root - INFO - Data Transformation initiated]
[2024-02-27 23:11:11,906 44 root - INFO - Pickle files saved]
[2024-02-27 23:11:11,906 24 root - INFO - Starting data ingestion]
[2024-02-27 23:11:12,020 63 root - INFO - Data ingestion is completed]
[2024-02-27 23:11:12,053 54 root - INFO - Model training completed.]
[2024-02-27 23:11:12,060 96 werkzeug - INFO - 127.0.0.1 - - [27/Feb/2024 23:11:12] "POST /recommend HTTP/1.1" 200 -]
[2024-02-27 23:11:12,170 96 werkzeug - INFO - 127.0.0.1 - - [27/Feb/2024 23:11:12] "[36mGET /static/css/styles.css HTTP/1.1[0m" 304 -]
[2024-02-27 23:11:12,416 96 werkzeug - INFO - 127.0.0.1 - - [27/Feb/2024 23:11:12] "[36mGET /static/images/nagesh_photo.jpg HTTP/1.1[0m" 304 -]
[2024-02-27 23:11:14,566 96 werkzeug - INFO - 127.0.0.1 - - [27/Feb/2024 23:11:14] "GET / HTTP/1.1" 200 -]
[2024-02-27 23:11:14,774 96 werkzeug - INFO - 127.0.0.1 - - [27/Feb/2024 23:11:14] "[36mGET /static/css/styles.css HTTP/1.1[0m" 304 -]
[2024-02-27 23:11:14,832 96 werkzeug - INFO - 127.0.0.1 - - [27/Feb/2024 23:11:14] "[36mGET /static/images/nagesh_photo.jpg HTTP/1.1[0m" 304 -]
[2024-02-27 23:11:34,540 25 root - INFO - Data Transformation initiated]
[2024-02-27 23:11:34,589 44 root - INFO - Pickle files saved]
[2024-02-27 23:11:34,589 24 root - INFO - Starting data ingestion]
[2024-02-27 23:11:34,620 63 root - INFO - Data ingestion is completed]
[2024-02-27 23:11:34,654 54 root - INFO - Model training completed.]
[2024-02-27 23:11:34,662 96 werkzeug - INFO - 127.0.0.1 - - [27/Feb/2024 23:11:34] "POST /recommend HTTP/1.1" 200 -]
[2024-02-27 23:11:34,853 96 werkzeug - INFO - 127.0.0.1 - - [27/Feb/2024 23:11:34] "[36mGET /static/css/styles.css HTTP/1.1[0m" 304 -]
[2024-02-27 23:11:35,005 96 werkzeug - INFO - 127.0.0.1 - - [27/Feb/2024 23:11:35] "[36mGET /static/images/nagesh_photo.jpg HTTP/1.1[0m" 304 -]
[2024-02-27 23:11:43,593 96 werkzeug - INFO - 127.0.0.1 - - [27/Feb/2024 23:11:43] "GET / HTTP/1.1" 200 -]
[2024-02-27 23:11:43,800 96 werkzeug - INFO - 127.0.0.1 - - [27/Feb/2024 23:11:43] "[36mGET /static/css/styles.css HTTP/1.1[0m" 304 -]
[2024-02-27 23:11:43,861 96 werkzeug - INFO - 127.0.0.1 - - [27/Feb/2024 23:11:43] "[36mGET /static/images/nagesh_photo.jpg HTTP/1.1[0m" 304 -]
[2024-02-27 23:16:04,424 25 root - INFO - Data Transformation initiated]
[2024-02-27 23:16:04,500 44 root - INFO - Pickle files saved]
[2024-02-27 23:16:04,501 24 root - INFO - Starting data ingestion]
[2024-02-27 23:16:04,697 63 root - INFO - Data ingestion is completed]
[2024-02-27 23:16:04,750 54 root - INFO - Model training completed.]
[2024-02-27 23:16:04,761 96 werkzeug - INFO - 127.0.0.1 - - [27/Feb/2024 23:16:04] "POST /recommend HTTP/1.1" 200 -]
[2024-02-27 23:16:04,798 96 werkzeug - INFO - 127.0.0.1 - - [27/Feb/2024 23:16:04] "[36mGET /static/css/styles.css HTTP/1.1[0m" 304 -]
[2024-02-27 23:16:04,820 96 werkzeug - INFO - 127.0.0.1 - - [27/Feb/2024 23:16:04] "[36mGET /static/images/nagesh_photo.jpg HTTP/1.1[0m" 304 -]
[2024-02-27 23:16:06,403 96 werkzeug - INFO - 127.0.0.1 - - [27/Feb/2024 23:16:06] "GET / HTTP/1.1" 200 -]
[2024-02-27 23:16:06,608 96 werkzeug - INFO - 127.0.0.1 - - [27/Feb/2024 23:16:06] "[36mGET /static/css/styles.css HTTP/1.1[0m" 304 -]
[2024-02-27 23:16:06,654 96 werkzeug - INFO - 127.0.0.1 - - [27/Feb/2024 23:16:06] "[36mGET /static/images/nagesh_photo.jpg HTTP/1.1[0m" 304 -]
[2024-02-27 23:16:11,251 25 root - INFO - Data Transformation initiated]
[2024-02-27 23:16:11,300 44 root - INFO - Pickle files saved]
[2024-02-27 23:16:11,300 24 root - INFO - Starting data ingestion]
[2024-02-27 23:16:11,330 63 root - INFO - Data ingestion is completed]
[2024-02-27 23:16:11,361 54 root - INFO - Model training completed.]
[2024-02-27 23:16:11,367 96 werkzeug - INFO - 127.0.0.1 - - [27/Feb/2024 23:16:11] "POST /recommend HTTP/1.1" 200 -]
[2024-02-27 23:16:11,569 96 werkzeug - INFO - 127.0.0.1 - - [27/Feb/2024 23:16:11] "[36mGET /static/css/styles.css HTTP/1.1[0m" 304 -]
[2024-02-27 23:16:11,707 96 werkzeug - INFO - 127.0.0.1 - - [27/Feb/2024 23:16:11] "[36mGET /static/images/nagesh_photo.jpg HTTP/1.1[0m" 304 -]
[2024-02-27 23:16:13,188 96 werkzeug - INFO - 127.0.0.1 - - [27/Feb/2024 23:16:13] "GET / HTTP/1.1" 200 -]
[2024-02-27 23:16:13,395 96 werkzeug - INFO - 127.0.0.1 - - [27/Feb/2024 23:16:13] "[36mGET /static/css/styles.css HTTP/1.1[0m" 304 -]
[2024-02-27 23:16:13,440 96 werkzeug - INFO - 127.0.0.1 - - [27/Feb/2024 23:16:13] "[36mGET /static/images/nagesh_photo.jpg HTTP/1.1[0m" 304 -]
[2024-02-27 23:16:21,178 25 root - INFO - Data Transformation initiated]
[2024-02-27 23:16:21,225 44 root - INFO - Pickle files saved]
[2024-02-27 23:16:21,225 24 root - INFO - Starting data ingestion]
[2024-02-27 23:16:21,260 63 root - INFO - Data ingestion is completed]
[2024-02-27 23:16:21,298 54 root - INFO - Model training completed.]
[2024-02-27 23:16:21,305 96 werkzeug - INFO - 127.0.0.1 - - [27/Feb/2024 23:16:21] "POST /recommend HTTP/1.1" 200 -]
[2024-02-27 23:16:21,489 96 werkzeug - INFO - 127.0.0.1 - - [27/Feb/2024 23:16:21] "[36mGET /static/css/styles.css HTTP/1.1[0m" 304 -]
[2024-02-27 23:16:21,664 96 werkzeug - INFO - 127.0.0.1 - - [27/Feb/2024 23:16:21] "[36mGET /static/images/nagesh_photo.jpg HTTP/1.1[0m" 304 -]
[2024-02-27 23:16:23,775 96 werkzeug - INFO - 127.0.0.1 - - [27/Feb/2024 23:16:23] "GET / HTTP/1.1" 200 -]
[2024-02-27 23:16:23,967 96 werkzeug - INFO - 127.0.0.1 - - [27/Feb/2024 23:16:23] "[36mGET /static/css/styles.css HTTP/1.1[0m" 304 -]
[2024-02-27 23:16:24,030 96 werkzeug - INFO - 127.0.0.1 - - [27/Feb/2024 23:16:24] "[36mGET /static/images/nagesh_photo.jpg HTTP/1.1[0m" 304 -]
[2024-02-27 23:16:27,679 25 root - INFO - Data Transformation initiated]
[2024-02-27 23:16:27,743 44 root - INFO - Pickle files saved]
[2024-02-27 23:16:27,743 24 root - INFO - Starting data ingestion]
[2024-02-27 23:16:27,864 63 root - INFO - Data ingestion is completed]
[2024-02-27 23:16:27,912 54 root - INFO - Model training completed.]
[2024-02-27 23:16:27,921 96 werkzeug - INFO - 127.0.0.1 - - [27/Feb/2024 23:16:27] "POST /recommend HTTP/1.1" 200 -]
[2024-02-27 23:16:27,989 96 werkzeug - INFO - 127.0.0.1 - - [27/Feb/2024 23:16:27] "[36mGET /static/css/styles.css HTTP/1.1[0m" 304 -]
[2024-02-27 23:16:28,261 96 werkzeug - INFO - 127.0.0.1 - - [27/Feb/2024 23:16:28] "[36mGET /static/images/nagesh_photo.jpg HTTP/1.1[0m" 304 -]
[2024-02-27 23:16:32,966 96 werkzeug - INFO - 127.0.0.1 - - [27/Feb/2024 23:16:32] "GET / HTTP/1.1" 200 -]
[2024-02-27 23:16:33,159 96 werkzeug - INFO - 127.0.0.1 - - [27/Feb/2024 23:16:33] "[36mGET /static/css/styles.css HTTP/1.1[0m" 304 -]
[2024-02-27 23:16:33,215 96 werkzeug - INFO - 127.0.0.1 - - [27/Feb/2024 23:16:33] "[36mGET /static/images/nagesh_photo.jpg HTTP/1.1[0m" 304 -]
[2024-02-27 23:16:37,123 25 root - INFO - Data Transformation initiated]
[2024-02-27 23:16:37,172 44 root - INFO - Pickle files saved]
[2024-02-27 23:16:37,172 24 root - INFO - Starting data ingestion]
[2024-02-27 23:16:37,301 63 root - INFO - Data ingestion is completed]
[2024-02-27 23:16:37,339 54 root - INFO - Model training completed.]
[2024-02-27 23:16:37,345 96 werkzeug - INFO - 127.0.0.1 - - [27/Feb/2024 23:16:37] "POST /recommend HTTP/1.1" 200 -]
[2024-02-27 23:16:37,435 96 werkzeug - INFO - 127.0.0.1 - - [27/Feb/2024 23:16:37] "[36mGET /static/css/styles.css HTTP/1.1[0m" 304 -]
[2024-02-27 23:16:37,694 96 werkzeug - INFO - 127.0.0.1 - - [27/Feb/2024 23:16:37] "[36mGET /static/images/nagesh_photo.jpg HTTP/1.1[0m" 304 -]
[2024-02-29 09:50:43,884 96 werkzeug - INFO - 127.0.0.1 - - [29/Feb/2024 09:50:43] "GET / HTTP/1.1" 200 -]
[2024-02-29 09:50:43,911 96 werkzeug - INFO - 127.0.0.1 - - [29/Feb/2024 09:50:43] "[36mGET /static/css/styles.css HTTP/1.1[0m" 304 -]
[2024-02-29 09:50:44,140 96 werkzeug - INFO - 127.0.0.1 - - [29/Feb/2024 09:50:44] "[36mGET /static/images/nagesh_photo.jpg HTTP/1.1[0m" 304 -]
[2024-02-29 09:50:49,520 25 root - INFO - Data Transformation initiated]
[2024-02-29 09:50:49,568 44 root - INFO - Pickle files saved]
[2024-02-29 09:50:49,568 24 root - INFO - Starting data ingestion]
[2024-02-29 09:50:52,236 25 root - INFO - Data Transformation initiated]
[2024-02-29 09:50:52,727 44 root - INFO - Pickle files saved]
[2024-02-29 09:50:52,728 24 root - INFO - Starting data ingestion]
[2024-02-29 09:50:58,745 25 root - INFO - Data Transformation initiated]
[2024-02-29 09:50:58,800 44 root - INFO - Pickle files saved]
[2024-02-29 09:50:58,800 24 root - INFO - Starting data ingestion]
[2024-02-29 09:51:02,990 63 root - INFO - Data ingestion is completed]
[2024-02-29 09:51:03,068 63 root - INFO - Data ingestion is completed]
[2024-02-29 09:51:03,094 57 root - ERROR - Exception occurred in data transformation]
[2024-02-29 09:51:03,095 825 application - ERROR - Exception on /recommend [POST]]
Traceback (most recent call last):
  File "D:\ML_Projects\books_recommend_web_app\src\components\model_trainer.py", line 46, in train_model
    df = pd.read_csv(books_data_path)
  File "D:\ML_Projects\books_recommend_web_app\env\lib\site-packages\pandas\io\parsers\readers.py", line 912, in read_csv
    return _read(filepath_or_buffer, kwds)
  File "D:\ML_Projects\books_recommend_web_app\env\lib\site-packages\pandas\io\parsers\readers.py", line 577, in _read
    parser = TextFileReader(filepath_or_buffer, **kwds)
  File "D:\ML_Projects\books_recommend_web_app\env\lib\site-packages\pandas\io\parsers\readers.py", line 1407, in __init__
    self._engine = self._make_engine(f, self.engine)
  File "D:\ML_Projects\books_recommend_web_app\env\lib\site-packages\pandas\io\parsers\readers.py", line 1679, in _make_engine
    return mapping[engine](f, **self.options)
  File "D:\ML_Projects\books_recommend_web_app\env\lib\site-packages\pandas\io\parsers\c_parser_wrapper.py", line 93, in __init__
    self._reader = parsers.TextReader(src, **kwds)
  File "pandas\_libs\parsers.pyx", line 557, in pandas._libs.parsers.TextReader.__cinit__
pandas.errors.EmptyDataError: No columns to parse from file

During handling of the above exception, another exception occurred:

Traceback (most recent call last):
  File "D:\ML_Projects\books_recommend_web_app\env\lib\site-packages\flask\app.py", line 1455, in wsgi_app
    response = self.full_dispatch_request()
  File "D:\ML_Projects\books_recommend_web_app\env\lib\site-packages\flask\app.py", line 869, in full_dispatch_request
    rv = self.handle_user_exception(e)
  File "D:\ML_Projects\books_recommend_web_app\env\lib\site-packages\flask\app.py", line 867, in full_dispatch_request
    rv = self.dispatch_request()
  File "D:\ML_Projects\books_recommend_web_app\env\lib\site-packages\flask\app.py", line 852, in dispatch_request
    return self.ensure_sync(self.view_functions[rule.endpoint])(**view_args)
  File "application.py", line 31, in recommend
    model_trainer.train_model()
  File "D:\ML_Projects\books_recommend_web_app\src\components\model_trainer.py", line 58, in train_model
    raise CustomException(e, sys)
src.exception.CustomException: error occured in python scripts name [D:\ML_Projects\books_recommend_web_app\src\components\model_trainer.py] lineno[46 error message[No columns to parse from file]
[2024-02-29 09:51:03,096 63 root - INFO - Data ingestion is completed]
[2024-02-29 09:51:03,097 54 root - INFO - Model training completed.]
[2024-02-29 09:51:03,308 25 root - INFO - Data Transformation initiated]
[2024-02-29 09:51:03,840 96 werkzeug - INFO - 127.0.0.1 - - [29/Feb/2024 09:51:03] "[35m[1mPOST /recommend HTTP/1.1[0m" 500 -]
[2024-02-29 09:51:03,898 96 werkzeug - INFO - 127.0.0.1 - - [29/Feb/2024 09:51:03] "POST /recommend HTTP/1.1" 200 -]
[2024-02-29 09:51:03,942 54 root - INFO - Model training completed.]
[2024-02-29 09:51:03,950 44 root - INFO - Pickle files saved]
[2024-02-29 09:51:03,951 24 root - INFO - Starting data ingestion]
[2024-02-29 09:51:03,955 96 werkzeug - INFO - 127.0.0.1 - - [29/Feb/2024 09:51:03] "POST /recommend HTTP/1.1" 200 -]
[2024-02-29 09:51:03,983 63 root - INFO - Data ingestion is completed]
[2024-02-29 09:51:04,024 54 root - INFO - Model training completed.]
[2024-02-29 09:51:04,033 96 werkzeug - INFO - 127.0.0.1 - - [29/Feb/2024 09:51:04] "POST /recommend HTTP/1.1" 200 -]
[2024-02-29 09:51:04,061 96 werkzeug - INFO - 127.0.0.1 - - [29/Feb/2024 09:51:04] "[36mGET /static/css/styles.css HTTP/1.1[0m" 304 -]
[2024-02-29 09:51:04,384 96 werkzeug - INFO - 127.0.0.1 - - [29/Feb/2024 09:51:04] "[36mGET /static/images/nagesh_photo.jpg HTTP/1.1[0m" 304 -]
[2024-02-29 09:51:07,066 96 werkzeug - INFO - 127.0.0.1 - - [29/Feb/2024 09:51:07] "GET / HTTP/1.1" 200 -]
[2024-02-29 09:51:07,387 96 werkzeug - INFO - 127.0.0.1 - - [29/Feb/2024 09:51:07] "[36mGET /static/css/styles.css HTTP/1.1[0m" 304 -]
[2024-02-29 09:51:07,410 96 werkzeug - INFO - 127.0.0.1 - - [29/Feb/2024 09:51:07] "[36mGET /static/images/nagesh_photo.jpg HTTP/1.1[0m" 304 -]
[2024-02-29 09:51:13,270 25 root - INFO - Data Transformation initiated]
[2024-02-29 09:51:13,335 44 root - INFO - Pickle files saved]
[2024-02-29 09:51:13,335 24 root - INFO - Starting data ingestion]
[2024-02-29 09:51:13,448 63 root - INFO - Data ingestion is completed]
[2024-02-29 09:51:13,483 54 root - INFO - Model training completed.]
[2024-02-29 09:51:13,489 96 werkzeug - INFO - 127.0.0.1 - - [29/Feb/2024 09:51:13] "POST /recommend HTTP/1.1" 200 -]
[2024-02-29 09:51:13,634 96 werkzeug - INFO - 127.0.0.1 - - [29/Feb/2024 09:51:13] "[36mGET /static/css/styles.css HTTP/1.1[0m" 304 -]
[2024-02-29 09:51:13,636 96 werkzeug - INFO - 127.0.0.1 - - [29/Feb/2024 09:51:13] "[36mGET /static/images/nagesh_photo.jpg HTTP/1.1[0m" 304 -]
[2024-02-29 09:51:15,847 96 werkzeug - INFO - 127.0.0.1 - - [29/Feb/2024 09:51:15] "GET / HTTP/1.1" 200 -]
[2024-02-29 09:51:16,046 96 werkzeug - INFO - 127.0.0.1 - - [29/Feb/2024 09:51:16] "[36mGET /static/css/styles.css HTTP/1.1[0m" 304 -]
[2024-02-29 09:51:16,104 96 werkzeug - INFO - 127.0.0.1 - - [29/Feb/2024 09:51:16] "[36mGET /static/images/nagesh_photo.jpg HTTP/1.1[0m" 304 -]
[2024-02-29 09:51:50,907 25 root - INFO - Data Transformation initiated]
[2024-02-29 09:51:50,957 44 root - INFO - Pickle files saved]
[2024-02-29 09:51:50,958 24 root - INFO - Starting data ingestion]
[2024-02-29 09:51:53,473 25 root - INFO - Data Transformation initiated]
[2024-02-29 09:51:53,517 44 root - INFO - Pickle files saved]
[2024-02-29 09:51:53,517 24 root - INFO - Starting data ingestion]
[2024-02-29 09:51:54,922 25 root - INFO - Data Transformation initiated]
[2024-02-29 09:51:54,994 44 root - INFO - Pickle files saved]
[2024-02-29 09:51:54,995 24 root - INFO - Starting data ingestion]
[2024-02-29 09:51:58,709 25 root - INFO - Data Transformation initiated]
[2024-02-29 09:51:58,751 44 root - INFO - Pickle files saved]
[2024-02-29 09:51:58,752 24 root - INFO - Starting data ingestion]
[2024-02-29 09:51:58,863 63 root - INFO - Data ingestion is completed]
[2024-02-29 09:51:58,905 54 root - INFO - Model training completed.]
[2024-02-29 09:51:58,916 96 werkzeug - INFO - 127.0.0.1 - - [29/Feb/2024 09:51:58] "POST /recommend HTTP/1.1" 200 -]
[2024-02-29 09:51:58,973 63 root - INFO - Data ingestion is completed]
[2024-02-29 09:51:58,989 57 root - ERROR - Exception occurred in data transformation]
[2024-02-29 09:51:58,993 825 application - ERROR - Exception on /recommend [POST]]
Traceback (most recent call last):
  File "D:\ML_Projects\books_recommend_web_app\src\components\model_trainer.py", line 46, in train_model
    df = pd.read_csv(books_data_path)
  File "D:\ML_Projects\books_recommend_web_app\env\lib\site-packages\pandas\io\parsers\readers.py", line 912, in read_csv
    return _read(filepath_or_buffer, kwds)
  File "D:\ML_Projects\books_recommend_web_app\env\lib\site-packages\pandas\io\parsers\readers.py", line 577, in _read
    parser = TextFileReader(filepath_or_buffer, **kwds)
  File "D:\ML_Projects\books_recommend_web_app\env\lib\site-packages\pandas\io\parsers\readers.py", line 1407, in __init__
    self._engine = self._make_engine(f, self.engine)
  File "D:\ML_Projects\books_recommend_web_app\env\lib\site-packages\pandas\io\parsers\readers.py", line 1679, in _make_engine
    return mapping[engine](f, **self.options)
  File "D:\ML_Projects\books_recommend_web_app\env\lib\site-packages\pandas\io\parsers\c_parser_wrapper.py", line 93, in __init__
    self._reader = parsers.TextReader(src, **kwds)
  File "pandas\_libs\parsers.pyx", line 557, in pandas._libs.parsers.TextReader.__cinit__
pandas.errors.EmptyDataError: No columns to parse from file

During handling of the above exception, another exception occurred:

Traceback (most recent call last):
  File "D:\ML_Projects\books_recommend_web_app\env\lib\site-packages\flask\app.py", line 1455, in wsgi_app
    response = self.full_dispatch_request()
  File "D:\ML_Projects\books_recommend_web_app\env\lib\site-packages\flask\app.py", line 869, in full_dispatch_request
    rv = self.handle_user_exception(e)
  File "D:\ML_Projects\books_recommend_web_app\env\lib\site-packages\flask\app.py", line 867, in full_dispatch_request
    rv = self.dispatch_request()
  File "D:\ML_Projects\books_recommend_web_app\env\lib\site-packages\flask\app.py", line 852, in dispatch_request
    return self.ensure_sync(self.view_functions[rule.endpoint])(**view_args)
  File "application.py", line 31, in recommend
    model_trainer.train_model()
  File "D:\ML_Projects\books_recommend_web_app\src\components\model_trainer.py", line 58, in train_model
    raise CustomException(e, sys)
src.exception.CustomException: error occured in python scripts name [D:\ML_Projects\books_recommend_web_app\src\components\model_trainer.py] lineno[46 error message[No columns to parse from file]
[2024-02-29 09:51:58,997 63 root - INFO - Data ingestion is completed]
[2024-02-29 09:51:59,002 96 werkzeug - INFO - 127.0.0.1 - - [29/Feb/2024 09:51:59] "[35m[1mPOST /recommend HTTP/1.1[0m" 500 -]
[2024-02-29 09:51:59,002 63 root - INFO - Data ingestion is completed]
[2024-02-29 09:51:59,056 96 werkzeug - INFO - 127.0.0.1 - - [29/Feb/2024 09:51:59] "[36mGET /static/css/styles.css HTTP/1.1[0m" 304 -]
[2024-02-29 09:51:59,090 54 root - INFO - Model training completed.]
[2024-02-29 09:51:59,101 96 werkzeug - INFO - 127.0.0.1 - - [29/Feb/2024 09:51:59] "POST /recommend HTTP/1.1" 200 -]
[2024-02-29 09:51:59,103 54 root - INFO - Model training completed.]
[2024-02-29 09:51:59,111 96 werkzeug - INFO - 127.0.0.1 - - [29/Feb/2024 09:51:59] "POST /recommend HTTP/1.1" 200 -]
[2024-02-29 09:51:59,268 96 werkzeug - INFO - 127.0.0.1 - - [29/Feb/2024 09:51:59] "[36mGET /static/images/nagesh_photo.jpg HTTP/1.1[0m" 304 -]
[2024-02-29 09:52:18,749 96 werkzeug - INFO - 127.0.0.1 - - [29/Feb/2024 09:52:18] "GET / HTTP/1.1" 200 -]
[2024-02-29 09:52:18,958 96 werkzeug - INFO - 127.0.0.1 - - [29/Feb/2024 09:52:18] "[36mGET /static/css/styles.css HTTP/1.1[0m" 304 -]
[2024-02-29 09:52:19,007 96 werkzeug - INFO - 127.0.0.1 - - [29/Feb/2024 09:52:19] "[36mGET /static/images/nagesh_photo.jpg HTTP/1.1[0m" 304 -]
[2024-02-29 09:52:24,750 25 root - INFO - Data Transformation initiated]
[2024-02-29 09:52:24,802 44 root - INFO - Pickle files saved]
[2024-02-29 09:52:24,803 24 root - INFO - Starting data ingestion]
[2024-02-29 09:52:24,843 63 root - INFO - Data ingestion is completed]
[2024-02-29 09:52:24,891 54 root - INFO - Model training completed.]
[2024-02-29 09:52:24,901 96 werkzeug - INFO - 127.0.0.1 - - [29/Feb/2024 09:52:24] "POST /recommend HTTP/1.1" 200 -]
[2024-02-29 09:52:25,055 96 werkzeug - INFO - 127.0.0.1 - - [29/Feb/2024 09:52:25] "[36mGET /static/css/styles.css HTTP/1.1[0m" 304 -]
[2024-02-29 09:52:25,246 96 werkzeug - INFO - 127.0.0.1 - - [29/Feb/2024 09:52:25] "[36mGET /static/images/nagesh_photo.jpg HTTP/1.1[0m" 304 -]
[2024-02-29 09:52:44,445 96 werkzeug - INFO - 127.0.0.1 - - [29/Feb/2024 09:52:44] "GET / HTTP/1.1" 200 -]
[2024-02-29 09:52:44,677 96 werkzeug - INFO - 127.0.0.1 - - [29/Feb/2024 09:52:44] "[36mGET /static/css/styles.css HTTP/1.1[0m" 304 -]
[2024-02-29 09:52:44,705 96 werkzeug - INFO - 127.0.0.1 - - [29/Feb/2024 09:52:44] "[36mGET /static/images/nagesh_photo.jpg HTTP/1.1[0m" 304 -]
[2024-02-29 09:52:49,492 25 root - INFO - Data Transformation initiated]
[2024-02-29 09:52:49,541 44 root - INFO - Pickle files saved]
[2024-02-29 09:52:49,541 24 root - INFO - Starting data ingestion]
[2024-02-29 09:52:51,635 25 root - INFO - Data Transformation initiated]
[2024-02-29 09:52:51,678 44 root - INFO - Pickle files saved]
[2024-02-29 09:52:51,678 24 root - INFO - Starting data ingestion]
[2024-02-29 09:52:51,990 63 root - INFO - Data ingestion is completed]
[2024-02-29 09:52:51,992 63 root - INFO - Data ingestion is completed]
[2024-02-29 09:52:52,050 54 root - INFO - Model training completed.]
[2024-02-29 09:52:52,056 96 werkzeug - INFO - 127.0.0.1 - - [29/Feb/2024 09:52:52] "POST /recommend HTTP/1.1" 200 -]
[2024-02-29 09:52:52,058 54 root - INFO - Model training completed.]
[2024-02-29 09:52:52,075 96 werkzeug - INFO - 127.0.0.1 - - [29/Feb/2024 09:52:52] "POST /recommend HTTP/1.1" 200 -]
[2024-02-29 09:52:52,083 96 werkzeug - INFO - 127.0.0.1 - - [29/Feb/2024 09:52:52] "[36mGET /static/css/styles.css HTTP/1.1[0m" 304 -]
[2024-02-29 09:52:52,406 96 werkzeug - INFO - 127.0.0.1 - - [29/Feb/2024 09:52:52] "[36mGET /static/images/nagesh_photo.jpg HTTP/1.1[0m" 304 -]
[2024-02-29 09:53:12,347 96 werkzeug - INFO - 127.0.0.1 - - [29/Feb/2024 09:53:12] "GET / HTTP/1.1" 200 -]
[2024-02-29 09:53:12,659 96 werkzeug - INFO - 127.0.0.1 - - [29/Feb/2024 09:53:12] "[36mGET /static/css/styles.css HTTP/1.1[0m" 304 -]
[2024-02-29 09:53:12,692 96 werkzeug - INFO - 127.0.0.1 - - [29/Feb/2024 09:53:12] "[36mGET /static/images/nagesh_photo.jpg HTTP/1.1[0m" 304 -]
[2024-02-29 09:54:30,339 25 root - INFO - Data Transformation initiated]
[2024-02-29 09:54:30,389 44 root - INFO - Pickle files saved]
[2024-02-29 09:54:30,389 24 root - INFO - Starting data ingestion]
[2024-02-29 09:54:30,508 63 root - INFO - Data ingestion is completed]
[2024-02-29 09:54:30,544 54 root - INFO - Model training completed.]
[2024-02-29 09:54:30,550 96 werkzeug - INFO - 127.0.0.1 - - [29/Feb/2024 09:54:30] "POST /recommend HTTP/1.1" 200 -]
[2024-02-29 09:54:30,575 96 werkzeug - INFO - 127.0.0.1 - - [29/Feb/2024 09:54:30] "[36mGET /static/css/styles.css HTTP/1.1[0m" 304 -]
[2024-02-29 09:54:30,603 96 werkzeug - INFO - 127.0.0.1 - - [29/Feb/2024 09:54:30] "[36mGET /static/images/nagesh_photo.jpg HTTP/1.1[0m" 304 -]
[2024-02-29 09:54:33,142 96 werkzeug - INFO - 127.0.0.1 - - [29/Feb/2024 09:54:33] "GET / HTTP/1.1" 200 -]
[2024-02-29 09:54:33,356 96 werkzeug - INFO - 127.0.0.1 - - [29/Feb/2024 09:54:33] "[36mGET /static/css/styles.css HTTP/1.1[0m" 304 -]
[2024-02-29 09:54:33,405 96 werkzeug - INFO - 127.0.0.1 - - [29/Feb/2024 09:54:33] "[36mGET /static/images/nagesh_photo.jpg HTTP/1.1[0m" 304 -]
[2024-02-29 11:19:02,730 96 werkzeug - INFO - 127.0.0.1 - - [29/Feb/2024 11:19:02] "GET / HTTP/1.1" 200 -]
[2024-02-29 11:19:03,182 96 werkzeug - INFO - 127.0.0.1 - - [29/Feb/2024 11:19:03] "[36mGET /static/css/styles.css HTTP/1.1[0m" 304 -]
[2024-02-29 11:19:03,886 96 werkzeug - INFO - 127.0.0.1 - - [29/Feb/2024 11:19:03] "[36mGET /static/images/nagesh_photo.jpg HTTP/1.1[0m" 304 -]
[2024-02-29 11:19:04,365 96 werkzeug - INFO - 127.0.0.1 - - [29/Feb/2024 11:19:04] "[33mGET /favicon.ico HTTP/1.1[0m" 404 -]
[2024-02-29 11:19:41,471 25 root - INFO - Data Transformation initiated]
[2024-02-29 11:19:41,514 44 root - INFO - Pickle files saved]
[2024-02-29 11:19:41,514 24 root - INFO - Starting data ingestion]
[2024-02-29 11:19:43,915 63 root - INFO - Data ingestion is completed]
[2024-02-29 11:19:43,949 54 root - INFO - Model training completed.]
[2024-02-29 11:19:43,956 96 werkzeug - INFO - 127.0.0.1 - - [29/Feb/2024 11:19:43] "POST /recommend HTTP/1.1" 200 -]
[2024-02-29 11:19:43,981 96 werkzeug - INFO - 127.0.0.1 - - [29/Feb/2024 11:19:43] "[36mGET /static/css/styles.css HTTP/1.1[0m" 304 -]
[2024-02-29 11:19:44,304 96 werkzeug - INFO - 127.0.0.1 - - [29/Feb/2024 11:19:44] "[36mGET /static/images/nagesh_photo.jpg HTTP/1.1[0m" 304 -]
[2024-02-29 11:20:24,412 96 werkzeug - INFO - 127.0.0.1 - - [29/Feb/2024 11:20:24] "GET / HTTP/1.1" 200 -]
[2024-02-29 11:20:24,720 96 werkzeug - INFO - 127.0.0.1 - - [29/Feb/2024 11:20:24] "[36mGET /static/css/styles.css HTTP/1.1[0m" 304 -]
[2024-02-29 11:20:24,754 96 werkzeug - INFO - 127.0.0.1 - - [29/Feb/2024 11:20:24] "[36mGET /static/images/nagesh_photo.jpg HTTP/1.1[0m" 304 -]
[2024-02-29 11:20:48,742 25 root - INFO - Data Transformation initiated]
[2024-02-29 11:20:48,804 44 root - INFO - Pickle files saved]
[2024-02-29 11:20:48,804 24 root - INFO - Starting data ingestion]
[2024-02-29 11:20:49,553 63 root - INFO - Data ingestion is completed]
[2024-02-29 11:20:49,586 54 root - INFO - Model training completed.]
[2024-02-29 11:20:49,592 96 werkzeug - INFO - 127.0.0.1 - - [29/Feb/2024 11:20:49] "POST /recommend HTTP/1.1" 200 -]
[2024-02-29 11:20:49,620 96 werkzeug - INFO - 127.0.0.1 - - [29/Feb/2024 11:20:49] "[36mGET /static/css/styles.css HTTP/1.1[0m" 304 -]
[2024-02-29 11:20:49,626 96 werkzeug - INFO - 127.0.0.1 - - [29/Feb/2024 11:20:49] "[36mGET /static/images/nagesh_photo.jpg HTTP/1.1[0m" 304 -]
[2024-02-29 11:21:02,372 96 werkzeug - INFO - 127.0.0.1 - - [29/Feb/2024 11:21:02] "GET / HTTP/1.1" 200 -]
[2024-02-29 11:21:02,483 96 werkzeug - INFO - 127.0.0.1 - - [29/Feb/2024 11:21:02] "[36mGET /static/css/styles.css HTTP/1.1[0m" 304 -]
[2024-02-29 11:21:02,637 96 werkzeug - INFO - 127.0.0.1 - - [29/Feb/2024 11:21:02] "[36mGET /static/images/nagesh_photo.jpg HTTP/1.1[0m" 304 -]
[2024-02-29 11:21:08,413 25 root - INFO - Data Transformation initiated]
[2024-02-29 11:21:08,456 44 root - INFO - Pickle files saved]
[2024-02-29 11:21:08,456 24 root - INFO - Starting data ingestion]
[2024-02-29 11:21:08,490 63 root - INFO - Data ingestion is completed]
[2024-02-29 11:21:08,528 54 root - INFO - Model training completed.]
[2024-02-29 11:21:08,534 96 werkzeug - INFO - 127.0.0.1 - - [29/Feb/2024 11:21:08] "POST /recommend HTTP/1.1" 200 -]
[2024-02-29 11:21:08,714 96 werkzeug - INFO - 127.0.0.1 - - [29/Feb/2024 11:21:08] "[36mGET /static/css/styles.css HTTP/1.1[0m" 304 -]
[2024-02-29 11:21:08,871 96 werkzeug - INFO - 127.0.0.1 - - [29/Feb/2024 11:21:08] "[36mGET /static/images/nagesh_photo.jpg HTTP/1.1[0m" 304 -]
[2024-02-29 11:27:52,418 96 werkzeug - INFO - 127.0.0.1 - - [29/Feb/2024 11:27:52] "GET / HTTP/1.1" 200 -]
[2024-02-29 11:27:52,478 96 werkzeug - INFO - 127.0.0.1 - - [29/Feb/2024 11:27:52] "[36mGET /static/css/styles.css HTTP/1.1[0m" 304 -]
[2024-02-29 11:27:52,666 96 werkzeug - INFO - 127.0.0.1 - - [29/Feb/2024 11:27:52] "[36mGET /static/images/nagesh_photo.jpg HTTP/1.1[0m" 304 -]
[2024-02-29 11:42:31,590 25 root - INFO - Data Transformation initiated]
[2024-02-29 11:42:31,654 44 root - INFO - Pickle files saved]
[2024-02-29 11:42:31,654 24 root - INFO - Starting data ingestion]
[2024-02-29 11:42:31,972 63 root - INFO - Data ingestion is completed]
[2024-02-29 11:42:32,009 54 root - INFO - Model training completed.]
[2024-02-29 11:42:32,016 96 werkzeug - INFO - 127.0.0.1 - - [29/Feb/2024 11:42:32] "POST /recommend HTTP/1.1" 200 -]
[2024-02-29 11:42:32,040 96 werkzeug - INFO - 127.0.0.1 - - [29/Feb/2024 11:42:32] "[36mGET /static/css/styles.css HTTP/1.1[0m" 304 -]
[2024-02-29 11:42:32,050 96 werkzeug - INFO - 127.0.0.1 - - [29/Feb/2024 11:42:32] "[36mGET /static/images/nagesh_photo.jpg HTTP/1.1[0m" 304 -]
